============================= test session starts =============================
platform win32 -- Python 3.13.7, pytest-8.4.2, pluggy-1.6.0 -- C:\Python313\python.exe
cachedir: .pytest_cache
rootdir: D:\EvalForge
plugins: anyio-4.11.0, Faker-37.11.0, langsmith-0.4.38, asyncio-1.2.0, cov-7.0.0, env-1.2.0, httpx-0.35.0
asyncio: mode=Mode.STRICT, debug=False, asyncio_default_fixture_loop_scope=None, asyncio_default_test_loop_scope=function
collecting ... collected 2 items

tests/backend/test_senior_tier_visibility.py::test_senior_progress_api ERROR [ 50%]
tests/backend/test_senior_tier_visibility.py::test_senior_boss_runs_api ERROR [100%]

=================================== ERRORS ====================================
_________________ ERROR at setup of test_senior_progress_api __________________
file D:\EvalForge\tests\backend\test_senior_tier_visibility.py, line 11
  async def test_senior_progress_api(client: AsyncClient, session, test_user: User):
      """
      Verify /api/profile/senior_progress returns correct aggregation.
      """
      # 1. Setup Data
      # Ensure profile exists (created by fixture usually, but verify)
      profile = (await session.exec(select(Profile).where(Profile.user_id == test_user.id))).first()
      if not profile:
          profile = Profile(user_id=test_user.id, username="test_senior")
          session.add(profile)
          await session.commit()

      # Create a senior boss run (Win)
      # Pick a real senior boss ID if possible, or mock one if the system allows arbitrary IDs.
      # The constants validation might be strict.
      # Let's use a known one: "boss-foundry-systems-architect" (Python Senior)
      senior_boss_id = "boss-foundry-systems-architect"

      # We might need to seed the BossDefinition first if foreign keys are enforced and not seeded in test DB.
      # Check if we need to seed definitions.
      # Usually tests run against a DB that might be empty.
      # Let's seed a mock definition just in case.
      boss_def = BossDefinition(
          id=senior_boss_id,
          name="Mock Senior Boss",
          track_id="foundry-senior-systems",
          world_id="world-python",
          difficulty="legendary"
      )
      session.add(boss_def)

      # Add a run
      run = BossRun(
          user_id=test_user.id,
          boss_id=senior_boss_id,
          result="win",
          score=100,
          hp_remaining=0, # This might mean 0 remaining HP for boss? Or for user?
          # Usually for boss runs, `hp_remaining` is boss HP? Or player integrity?
          # The frontend logic `integrity = hp_remaining` suggests it's player health?
          # Let's set it to 1.0 (100%) just in case context implies integrity.
          # Actually API logic: `integrity=float(getattr(run, "hp_remaining", 0.0) or 0.0)`
          completed_at=datetime.utcnow()
      )
      session.add(run)
      await session.commit()

      # 2. Call API
      resp = await client.get("/api/profile/senior_progress")
      assert resp.status_code == 200, f"Failed: {resp.text}"

      data = resp.json()

      # 3. Assertions
      # Global counts
      # We added 1 senior boss run.
      # `senior_bosses_cleared` should be at least 1 (if valid senior boss id).
      # Since we used a real ID from constants?
      # Wait, `SENIOR_BOSS_IDS` is imported in service. If "boss-foundry-systems-architect" is in it (it should be).

      assert data["senior_bosses_cleared"] >= 1
      assert data["legendary_trials_completed"] >= 1

      # Python World Verification (slug="world-python")
      python_world = next((w for w in data["worlds"] if w["world_slug"] == "world-python"), None)
      assert python_world is not None
      assert python_world["senior_boss_cleared"] is True
      assert python_world["senior_boss_id"] == senior_boss_id
E       fixture 'session' not found
>       available fixtures: _class_scoped_runner, _function_scoped_runner, _module_scoped_runner, _package_scoped_runner, _session_faker, _session_scoped_runner, anyio_backend, anyio_backend_name, anyio_backend_options, cache, capfd, capfdbinary, caplog, capsys, capsysbinary, capteesys, client, cov, db_session, doctest_namespace, event_loop_policy, explain_smoke_session, faker, free_tcp_port, free_tcp_port_factory, free_udp_port, free_udp_port_factory, httpx_mock, judge_smoke_session, mock_vertex_ai_modules, monkeypatch, no_cover, patch_tracks_for_explain, patch_tracks_for_judge, patch_tracks_for_quest, pytestconfig, quest_smoke_session, record_property, record_testsuite_property, record_xml_attribute, recwarn, test_engine, tmp_path, tmp_path_factory, tmpdir, tmpdir_factory, unused_tcp_port, unused_tcp_port_factory, unused_udp_port, unused_udp_port_factory, vertex_text
>       use 'pytest --fixtures [testpath]' for help on them.

D:\EvalForge\tests\backend\test_senior_tier_visibility.py:11
_________________ ERROR at setup of test_senior_boss_runs_api _________________
file D:\EvalForge\tests\backend\test_senior_tier_visibility.py, line 80
  async def test_senior_boss_runs_api(client: AsyncClient, session, test_user: User):
      """
      Verify /api/boss_runs/senior returns the history.
      """
      # 1. Setup Data
      senior_boss_id = "boss-synapse-mlops-sentinel" # ML Senior

      boss_def = BossDefinition(
          id=senior_boss_id,
          name="ML Sentinel",
          track_id="synapse-senior-mlops",
          world_id="world-ml",
          difficulty="legendary"
      )
      session.add(boss_def)

      run = BossRun(
          user_id=test_user.id,
          boss_id=senior_boss_id,
          result="win",
          score=8,
          hp_remaining=90, # 90% integrity
          completed_at=datetime.utcnow()
      )
      session.add(run)
      await session.commit()

      # 2. Call API
      resp = await client.get("/api/boss_runs/senior")
      assert resp.status_code == 200

      data = resp.json()
      items = data["items"]

      assert len(items) >= 1
      item = items[0]
      assert item["boss_id"] == senior_boss_id
      assert item["passed"] is True
      assert item["score"] == 8
      # Integrity check: backend casts to float. 90 -> 90.0
      assert item["integrity"] == 90.0
E       fixture 'session' not found
>       available fixtures: _class_scoped_runner, _function_scoped_runner, _module_scoped_runner, _package_scoped_runner, _session_faker, _session_scoped_runner, anyio_backend, anyio_backend_name, anyio_backend_options, cache, capfd, capfdbinary, caplog, capsys, capsysbinary, capteesys, client, cov, db_session, doctest_namespace, event_loop_policy, explain_smoke_session, faker, free_tcp_port, free_tcp_port_factory, free_udp_port, free_udp_port_factory, httpx_mock, judge_smoke_session, mock_vertex_ai_modules, monkeypatch, no_cover, patch_tracks_for_explain, patch_tracks_for_judge, patch_tracks_for_quest, pytestconfig, quest_smoke_session, record_property, record_testsuite_property, record_xml_attribute, recwarn, test_engine, tmp_path, tmp_path_factory, tmpdir, tmpdir_factory, unused_tcp_port, unused_tcp_port_factory, unused_udp_port, unused_udp_port_factory, vertex_text
>       use 'pytest --fixtures [testpath]' for help on them.

D:\EvalForge\tests\backend\test_senior_tier_visibility.py:80
============================== warnings summary ===============================
C:\Users\pierr\AppData\Roaming\Python\Python313\site-packages\pydantic\_internal\_config.py:323
  C:\Users\pierr\AppData\Roaming\Python\Python313\site-packages\pydantic\_internal\_config.py:323: PydanticDeprecatedSince20: Support for class-based `config` is deprecated, use ConfigDict instead. Deprecated in Pydantic V2.0 to be removed in V3.0. See Pydantic V2 Migration Guide at https://errors.pydantic.dev/2.11/migration/
    warnings.warn(DEPRECATION_MESSAGE, DeprecationWarning)

arcade_app\agent.py:449
  D:\EvalForge\arcade_app\agent.py:449: DeprecationWarning: 
          on_event is deprecated, use lifespan event handlers instead.
  
          Read more about it in the
          [FastAPI docs for Lifespan Events](https://fastapi.tiangolo.com/advanced/events/).
          
    @app.on_event("startup")

C:\Users\pierr\AppData\Roaming\Python\Python313\site-packages\fastapi\applications.py:4523
  C:\Users\pierr\AppData\Roaming\Python\Python313\site-packages\fastapi\applications.py:4523: DeprecationWarning: 
          on_event is deprecated, use lifespan event handlers instead.
  
          Read more about it in the
          [FastAPI docs for Lifespan Events](https://fastapi.tiangolo.com/advanced/events/).
          
    return self.router.on_event(event_type)

-- Docs: https://docs.pytest.org/en/stable/how-to/capture-warnings.html
=========================== short test summary info ===========================
ERROR tests/backend/test_senior_tier_visibility.py::test_senior_progress_api
ERROR tests/backend/test_senior_tier_visibility.py::test_senior_boss_runs_api
======================== 3 warnings, 2 errors in 0.11s ========================
